ps
name 	 pid 	 state 	 	 extpid 	 ppid 	 cputime 
init 	 1 	 SLEEPING 	 1 	 	 0 	 7280 
sh 	 2 	 SLEEPING 	 2 	 	 1 	 2247 
ps 	 3 	 RUNNING 	 3 	 	 2 	 735 
$ ps
name 	 pid 	 state 	 	 extpid 	 ppid 	 cputime 
init 	 1 	 SLEEPING 	 1 	 	 0 	 7280 
sh 	 2 	 SLEEPING 	 2 	 	 1 	 4431 
ps 	 4 	 RUNNING 	 4 	 	 2 	 1829 
$ 
pouch start c1
$ Pouch: c1 starting
$ ps
name 	 pid 	 state 	 	 extpid 	 ppid 	 cputime 
init 	 1 	 SLEEPING 	 1 	 	 0 	 7280 
sh 	 2 	 SLEEPING 	 2 	 	 1 	 10427 
ps 	 9 	 RUNNING 	 9 	 	 2 	 1838 
pouch 	 7 	 SLEEPING 	 7 	 	 1 	 2141 
sh 	 1 	 SLEEPING 	 8 	 	 7 	 1637 
$ 
pouch connect c1
$ 
tty0 connected
ps
name 	 pid 	 state 	 	 extpid 	 ppid 	 cputime 
init 	 1 	 SLEEPING 	 1 	 	 0 	 7280 
sh 	 2 	 SLEEPING 	 2 	 	 1 	 14679 
ps 	 2 	 RUNNING 	 12 	 	 1 	 0 
pouch 	 7 	 SLEEPING 	 7 	 	 1 	 2141 
sh 	 1 	 SLEEPING 	 8 	 	 7 	 4244 
$ ps
name 	 pid 	 state 	 	 extpid 	 ppid 	 cputime 
init 	 1 	 SLEEPING 	 1 	 	 0 	 7280 
sh 	 2 	 SLEEPING 	 2 	 	 1 	 14679 
ps 	 3 	 RUNNING 	 13 	 	 1 	 0 
pouch 	 7 	 SLEEPING 	 7 	 	 1 	 2141 
sh 	 1 	 SLEEPING 	 8 	 	 7 	 6650 
$ ps
name 	 pid 	 state 	 	 extpid 	 ppid 	 cputime 
init 	 1 	 SLEEPING 	 1 	 	 0 	 7280 
sh 	 2 	 SLEEPING 	 2 	 	 1 	 14679 
ps 	 4 	 RUNNING 	 14 	 	 1 	 1509 
pouch 	 7 	 SLEEPING 	 7 	 	 1 	 2141 
sh 	 1 	 SLEEPING 	 8 	 	 7 	 9048 
$ 
pouch disconnect
$ Console connected
ps
name 	 pid 	 state 	 	 extpid 	 ppid 	 cputime 
init 	 1 	 SLEEPING 	 1 	 	 0 	 7280 
sh 	 2 	 SLEEPING 	 2 	 	 1 	 17371 
ps 	 17 	 RUNNING 	 17 	 	 2 	 0 
pouch 	 7 	 SLEEPING 	 7 	 	 1 	 2141 
sh 	 1 	 SLEEPING 	 8 	 	 7 	 12095 
$ ps
name 	 pid 	 state 	 	 extpid 	 ppid 	 cputime 
init 	 1 	 SLEEPING 	 1 	 	 0 	 7280 
sh 	 2 	 SLEEPING 	 2 	 	 1 	 20019 
ps 	 18 	 RUNNING 	 18 	 	 2 	 423 
pouch 	 7 	 SLEEPING 	 7 	 	 1 	 2141 
sh 	 1 	 SLEEPING 	 8 	 	 7 	 12095 
$ 
pouch destroy c1
$ Pouch: c1 destroyed
$ zombie!
ps
name 	 pid 	 state 	 	 extpid 	 ppid 	 cputime 
init 	 1 	 SLEEPING 	 1 	 	 0 	 7817 
sh 	 2 	 SLEEPING 	 2 	 	 1 	 26175 
ps 	 21 	 RUNNING 	 21 	 	 2 	 561 
